// Jest Snapshot v1, https://goo.gl/fbAQLP

exports[`model Document should build array of characters correctly 1`] = `
Document {
  "characters": Array [
    Character {
      "content": "a",
      "location": [1:1; 1:2) @ string:test,
      "position": 1:1,
    },
    Character {
      "content": "c",
      "location": [1:2; 1:3) @ string:test,
      "position": 1:2,
    },
    Character {
      "content": "
",
      "location": [1:3; 2:1) @ string:test,
      "position": 1:3,
    },
    Character {
      "content": "d",
      "location": [2:1; 2:2) @ string:test,
      "position": 2:1,
    },
    Character {
      "content": "c",
      "location": [2:2; 2:3) @ string:test,
      "position": 2:2,
    },
    Character {
      "content": "
",
      "location": [2:3; 3:1) @ string:test,
      "position": 2:3,
    },
    Character {
      "content": "b",
      "location": [3:1; 3:2) @ string:test,
      "position": 3:1,
    },
    Character {
      "content": "
",
      "location": [3:2; 4:1) @ string:test,
      "position": 3:2,
    },
    Character {
      "content": "c",
      "location": [4:1; 4:2) @ string:test,
      "position": 4:1,
    },
    Character {
      "content": "
",
      "location": [4:2; 5:1) @ string:test,
      "position": 4:2,
    },
  ],
  "content": "ac
dc
b
c",
  "contentType": "text/plain",
  "lines": Array [
    Line {
      "content": "ac
",
      "line": 1,
      "location": [1:1; 2:1) @ string:test,
    },
    Line {
      "content": "dc
",
      "line": 2,
      "location": [2:1; 3:1) @ string:test,
    },
    Line {
      "content": "b
",
      "line": 3,
      "location": [3:1; 4:1) @ string:test,
    },
    Line {
      "content": "c
",
      "line": 4,
      "location": [4:1; 5:1) @ string:test,
    },
  ],
  "uri": "string:test",
}
`;
